{"PurchaseOrder":{"@":{"PurchaseOrderNumber":"99503","OrderDate":"1999-10-20"},"$":"\n    \n    \n    \n    \n",">":{"Address":[{"@":{"Type":"Shipping"},"$":"\n        \n        \n        \n        \n        \n        \n    ",">":{"Name":{"$":"Ellen Adams"},"Street":{"$":"123 Maple Street"},"City":{"$":"Mill Valley"},"State":{"$":"CA"},"Zip":{"$":"10999"},"Country":{"$":"USA"}}},{"@":{"Type":"Billing"},"$":"\n        \n        \n        \n        \n        \n        \n    ",">":{"Name":{"$":"Tai Yee"},"Street":{"$":"8 Oak Avenue"},"City":{"$":"Old Town"},"State":{"$":"PA"},"Zip":{"$":"95819"},"Country":{"$":"USA"}}}],"DeliveryNotes":{"$":"Please leave packages in shed by driveway."},"Items":{"$":"\n        \n        \n    ",">":{"Item":[{"@":{"PartNumber":"872-AA"},"$":"\n            \n            \n            \n            \n        ",">":{"ProductName":{"$":"Lawnmower"},"Quantity":{"$":"1"},"USPrice":{"$":"148.95"},"Comment":{"$":"Confirm this is electric"}}},{"@":{"PartNumber":"926-AA"},"$":"\n            \n            \n            \n            \n        ",">":{"ProductName":{"$":"Baby Monitor"},"Quantity":{"$":"2"},"USPrice":{"$":"39.98"},"ShipDate":{"$":"1999-05-21"}}}]}}}}}